../Drivers/STM32G4xx_HAL_Driver/Src/stm32g4xx_hal_uart.c:3578:13:UART_EndTxTransfer	0	static,ignoring_inline_asm
../Drivers/STM32G4xx_HAL_Driver/Src/stm32g4xx_hal_uart.c:3594:13:UART_EndRxTransfer	8	static,ignoring_inline_asm
../Drivers/STM32G4xx_HAL_Driver/Src/stm32g4xx_hal_uart.c:4013:13:UART_TxISR_8BIT.part.0	0	static,ignoring_inline_asm
../Drivers/STM32G4xx_HAL_Driver/Src/stm32g4xx_hal_uart.c:4013:13:UART_TxISR_8BIT	0	static
../Drivers/STM32G4xx_HAL_Driver/Src/stm32g4xx_hal_uart.c:4042:13:UART_TxISR_16BIT	0	static
../Drivers/STM32G4xx_HAL_Driver/Src/stm32g4xx_hal_uart.c:4074:13:UART_TxISR_8BIT_FIFOEN	8	static,ignoring_inline_asm
../Drivers/STM32G4xx_HAL_Driver/Src/stm32g4xx_hal_uart.c:4114:13:UART_TxISR_16BIT_FIFOEN	8	static,ignoring_inline_asm
../Drivers/STM32G4xx_HAL_Driver/Src/stm32g4xx_hal_uart.c:679:13:HAL_UART_MspInit	0	static
../Drivers/STM32G4xx_HAL_Driver/Src/stm32g4xx_hal_uart.c:694:13:HAL_UART_MspDeInit	0	static
../Drivers/STM32G4xx_HAL_Driver/Src/stm32g4xx_hal_uart.c:632:19:HAL_UART_DeInit	16	static
../Drivers/STM32G4xx_HAL_Driver/Src/stm32g4xx_hal_uart.c:1311:19:HAL_UART_Transmit_IT	8	static,ignoring_inline_asm
../Drivers/STM32G4xx_HAL_Driver/Src/stm32g4xx_hal_uart.c:1420:19:HAL_UART_Transmit_DMA	24	static,ignoring_inline_asm
../Drivers/STM32G4xx_HAL_Driver/Src/stm32g4xx_hal_uart.c:1526:19:HAL_UART_DMAPause	0	static,ignoring_inline_asm
../Drivers/STM32G4xx_HAL_Driver/Src/stm32g4xx_hal_uart.c:1556:19:HAL_UART_DMAResume	0	static,ignoring_inline_asm
../Drivers/STM32G4xx_HAL_Driver/Src/stm32g4xx_hal_uart.c:1587:19:HAL_UART_DMAStop	16	static,ignoring_inline_asm
../Drivers/STM32G4xx_HAL_Driver/Src/stm32g4xx_hal_uart.c:1662:19:HAL_UART_Abort	8	static,ignoring_inline_asm
../Drivers/STM32G4xx_HAL_Driver/Src/stm32g4xx_hal_uart.c:1761:19:HAL_UART_AbortTransmit	8	static,ignoring_inline_asm
../Drivers/STM32G4xx_HAL_Driver/Src/stm32g4xx_hal_uart.c:1817:19:HAL_UART_AbortReceive	8	static,ignoring_inline_asm
../Drivers/STM32G4xx_HAL_Driver/Src/stm32g4xx_hal_uart.c:2556:13:HAL_UART_TxCpltCallback	0	static
../Drivers/STM32G4xx_HAL_Driver/Src/stm32g4xx_hal_uart.c:3620:13:UART_DMATransmitCplt	8	static,ignoring_inline_asm
../Drivers/STM32G4xx_HAL_Driver/Src/stm32g4xx_hal_uart.c:2571:13:HAL_UART_TxHalfCpltCallback	0	static
../Drivers/STM32G4xx_HAL_Driver/Src/stm32g4xx_hal_uart.c:3654:13:UART_DMATxHalfCplt	8	static
../Drivers/STM32G4xx_HAL_Driver/Src/stm32g4xx_hal_uart.c:2586:13:HAL_UART_RxCpltCallback	0	static
../Drivers/STM32G4xx_HAL_Driver/Src/stm32g4xx_hal_uart.c:2601:13:HAL_UART_RxHalfCpltCallback	0	static
../Drivers/STM32G4xx_HAL_Driver/Src/stm32g4xx_hal_uart.c:2616:13:HAL_UART_ErrorCallback	0	static
../Drivers/STM32G4xx_HAL_Driver/Src/stm32g4xx_hal_uart.c:3793:13:UART_DMAError	16	static
../Drivers/STM32G4xx_HAL_Driver/Src/stm32g4xx_hal_uart.c:3831:13:UART_DMAAbortOnError	8	static
../Drivers/STM32G4xx_HAL_Driver/Src/stm32g4xx_hal_uart.c:2631:13:HAL_UART_AbortCpltCallback	0	static
../Drivers/STM32G4xx_HAL_Driver/Src/stm32g4xx_hal_uart.c:1882:19:HAL_UART_Abort_IT	16	static,ignoring_inline_asm
../Drivers/STM32G4xx_HAL_Driver/Src/stm32g4xx_hal_uart.c:3903:13:UART_DMARxAbortCallback	8	static
../Drivers/STM32G4xx_HAL_Driver/Src/stm32g4xx_hal_uart.c:3852:13:UART_DMATxAbortCallback	8	static
../Drivers/STM32G4xx_HAL_Driver/Src/stm32g4xx_hal_uart.c:2646:13:HAL_UART_AbortTransmitCpltCallback	0	static
../Drivers/STM32G4xx_HAL_Driver/Src/stm32g4xx_hal_uart.c:2031:19:HAL_UART_AbortTransmit_IT	8	static,ignoring_inline_asm
../Drivers/STM32G4xx_HAL_Driver/Src/stm32g4xx_hal_uart.c:3951:13:UART_DMATxOnlyAbortCallback	8	static
../Drivers/STM32G4xx_HAL_Driver/Src/stm32g4xx_hal_uart.c:2661:13:HAL_UART_AbortReceiveCpltCallback	0	static
../Drivers/STM32G4xx_HAL_Driver/Src/stm32g4xx_hal_uart.c:2117:19:HAL_UART_AbortReceive_IT	8	static,ignoring_inline_asm
../Drivers/STM32G4xx_HAL_Driver/Src/stm32g4xx_hal_uart.c:3982:13:UART_DMARxOnlyAbortCallback	8	static
../Drivers/STM32G4xx_HAL_Driver/Src/stm32g4xx_hal_uart.c:2678:13:HAL_UARTEx_RxEventCallback	0	static
../Drivers/STM32G4xx_HAL_Driver/Src/stm32g4xx_hal_uart.c:2204:6:HAL_UART_IRQHandler	24	static,ignoring_inline_asm
../Drivers/STM32G4xx_HAL_Driver/Src/stm32g4xx_hal_uart.c:4180:13:UART_RxISR_8BIT	8	static,ignoring_inline_asm
../Drivers/STM32G4xx_HAL_Driver/Src/stm32g4xx_hal_uart.c:4271:13:UART_RxISR_16BIT	8	static,ignoring_inline_asm
../Drivers/STM32G4xx_HAL_Driver/Src/stm32g4xx_hal_uart.c:4364:13:UART_RxISR_8BIT_FIFOEN	32	static,ignoring_inline_asm
../Drivers/STM32G4xx_HAL_Driver/Src/stm32g4xx_hal_uart.c:4527:13:UART_RxISR_16BIT_FIFOEN	32	static,ignoring_inline_asm
../Drivers/STM32G4xx_HAL_Driver/Src/stm32g4xx_hal_uart.c:3745:13:UART_DMARxHalfCplt	8	static
../Drivers/STM32G4xx_HAL_Driver/Src/stm32g4xx_hal_uart.c:3672:13:UART_DMAReceiveCplt	8	static,ignoring_inline_asm
../Drivers/STM32G4xx_HAL_Driver/Src/stm32g4xx_hal_uart.c:2726:6:HAL_UART_ReceiverTimeout_Config	0	static
../Drivers/STM32G4xx_HAL_Driver/Src/stm32g4xx_hal_uart.c:2741:19:HAL_UART_EnableReceiverTimeout	0	static
../Drivers/STM32G4xx_HAL_Driver/Src/stm32g4xx_hal_uart.c:2779:19:HAL_UART_DisableReceiverTimeout	0	static
../Drivers/STM32G4xx_HAL_Driver/Src/stm32g4xx_hal_uart.c:2857:6:HAL_MultiProcessor_EnterMuteMode	0	static
../Drivers/STM32G4xx_HAL_Driver/Src/stm32g4xx_hal_uart.c:2867:19:HAL_HalfDuplex_EnableTransmitter	8	static,ignoring_inline_asm
../Drivers/STM32G4xx_HAL_Driver/Src/stm32g4xx_hal_uart.c:2890:19:HAL_HalfDuplex_EnableReceiver	8	static,ignoring_inline_asm
../Drivers/STM32G4xx_HAL_Driver/Src/stm32g4xx_hal_uart.c:2914:19:HAL_LIN_SendBreak	0	static
../Drivers/STM32G4xx_HAL_Driver/Src/stm32g4xx_hal_uart.c:2959:23:HAL_UART_GetState	0	static
../Drivers/STM32G4xx_HAL_Driver/Src/stm32g4xx_hal_uart.c:2975:10:HAL_UART_GetError	0	static
../Drivers/STM32G4xx_HAL_Driver/Src/stm32g4xx_hal_uart.c:3021:19:UART_SetConfig	24	static
../Drivers/STM32G4xx_HAL_Driver/Src/stm32g4xx_hal_uart.c:3238:6:UART_AdvFeatureConfig	8	static
../Drivers/STM32G4xx_HAL_Driver/Src/stm32g4xx_hal_uart.c:3381:19:UART_WaitOnFlagUntilTimeout	32	static
../Drivers/STM32G4xx_HAL_Driver/Src/stm32g4xx_hal_uart.c:1121:19:HAL_UART_Transmit	40	static
../Drivers/STM32G4xx_HAL_Driver/Src/stm32g4xx_hal_uart.c:1219:19:HAL_UART_Receive	40	static
../Drivers/STM32G4xx_HAL_Driver/Src/stm32g4xx_hal_uart.c:3312:19:UART_CheckIdleState	24	static,ignoring_inline_asm
../Drivers/STM32G4xx_HAL_Driver/Src/stm32g4xx_hal_uart.c:307:19:HAL_UART_Init	8	static
../Drivers/STM32G4xx_HAL_Driver/Src/stm32g4xx_hal_uart.c:382:19:HAL_HalfDuplex_Init	8	static
../Drivers/STM32G4xx_HAL_Driver/Src/stm32g4xx_hal_uart.c:457:19:HAL_LIN_Init	16	static
../Drivers/STM32G4xx_HAL_Driver/Src/stm32g4xx_hal_uart.c:556:19:HAL_MultiProcessor_Init	16	static
../Drivers/STM32G4xx_HAL_Driver/Src/stm32g4xx_hal_uart.c:2817:19:HAL_MultiProcessor_EnableMuteMode	0	static,ignoring_inline_asm
../Drivers/STM32G4xx_HAL_Driver/Src/stm32g4xx_hal_uart.c:2837:19:HAL_MultiProcessor_DisableMuteMode	0	static,ignoring_inline_asm
../Drivers/STM32G4xx_HAL_Driver/Src/stm32g4xx_hal_uart.c:3449:19:UART_Start_Receive_IT	12	static,ignoring_inline_asm
../Drivers/STM32G4xx_HAL_Driver/Src/stm32g4xx_hal_uart.c:1379:19:HAL_UART_Receive_IT	16	static,ignoring_inline_asm
../Drivers/STM32G4xx_HAL_Driver/Src/stm32g4xx_hal_uart.c:3521:19:UART_Start_Receive_DMA	16	static,ignoring_inline_asm
../Drivers/STM32G4xx_HAL_Driver/Src/stm32g4xx_hal_uart.c:1490:19:HAL_UART_Receive_DMA	8	static,ignoring_inline_asm
